{
    "programmingLanguages":   [
        {
            "language": "JavaScript"
        },
        {
            "language": "Java"
        },
        {
            "language": "Python"
        }
    ]
}